<html>
<body>
<pre>
<h1>µVision Build Log</h1>
<h2>Project:</h2>
D:\STM32_ïðîåêòû\BootloaderF10x_MD_HD\MDK-ARM\BootloaderF10x_MD_HD.uvproj
Project File Date:  02/22/2017

<h2>Output:</h2>
Build target 'Target 1'
assembling startup_stm32f10x_md.s...
compiling core_cm3.c...
compiling system_stm32f10x.c...
compiling stm32f10x_gpio.c...
compiling stm32f10x_rcc.c...
compiling main.c...
..\user\main.c(282): warning:  #177-D: variable "CAN_Data_TX" was declared but never referenced
        CANTX_TypeDef CAN_Data_TX;
..\user\main.c: 1 warning, 0 errors
compiling stm32f10x_it.c...
compiling CAN.c...
linking...
Program Size: Code=3724 RO-data=1292 RW-data=16 ZI-data=1672  
FromELF: creating hex file...
".\output\BootloaderF10x_MD_HD.axf" - 0 Error(s), 1 Warning(s).
</pre>
</body>
</html>
